<html>
<body>
<pre>
<h1>礦ision Build Log</h1>
<h2>Tool Versions:</h2>
IDE-Version: μVision V5.25.2.0
Copyright (C) 2018 ARM Ltd and ARM Germany GmbH. All rights reserved.
License Information: 。。 Hanson, 。。, LIC=WHYH9-4DAIA-56NQ2-93AM3-QK6DV-BQB1R
 
Tool Versions:
Toolchain:       MDK-ARM Plus  Version: 5.25.2.0
Toolchain Path:  D:\Keil5\ARM\ARMCC\Bin
C Compiler:      Armcc.exe V5.06 update 6 (build 750)
Assembler:       Armasm.exe V5.06 update 6 (build 750)
Linker/Locator:  ArmLink.exe V5.06 update 6 (build 750)
Library Manager: ArmAr.exe V5.06 update 6 (build 750)
Hex Converter:   FromElf.exe V5.06 update 6 (build 750)
CPU DLL:         SARMCM3.DLL V5.25.2.0
Dialog DLL:      DCM.DLL V1.17.1.0
Target DLL:      Segger\JL2CM3.dll V2.99.29.0
Dialog DLL:      TCM.DLL V1.35.1.0
 
<h2>Project:</h2>
D:\单片机\32\stm32f4核心板\STM32 课堂代码汇总\[13]\25 UCOS\代码\01_ucos_模板\USER\Template.uvprojx
Project File Date:  08/01/2022

<h2>Output:</h2>
*** Using Compiler 'V5.06 update 6 (build 750)', folder: 'D:\Keil5\ARM\ARMCC\Bin'
Rebuild target 'Template'
assembling startup_stm32f40_41xxx.s...
compiling stm32f4xx_it.c...
compiling system_stm32f4xx.c...
compiling led.c...
compiling stm32f4xx_rcc.c...
compiling stm32f4xx_syscfg.c...
compiling stm32f4xx_gpio.c...
compiling misc.c...
compiling stm32f4xx_fsmc.c...
compiling stm32f4xx_usart.c...
compiling main.c...
main.c(89): warning:  #177-D: variable "err"  was declared but never referenced
  	OS_ERR err;
main.c: 1 warning, 0 errors
compiling stm32f4xx_tim.c...
compiling cpu_core.c...
compiling cpu_c.c...
compiling lib_math.c...
assembling cpu_a.asm...
compiling lib_ascii.c...
compiling lib_mem.c...
compiling lib_str.c...
assembling lib_mem_a.asm...
compiling sys.c...
compiling bsp.c...
compiling delay.c...
compiling os_cfg_app.c...
compiling os_dbg.c...
compiling usart.c...
..\SYSTEM\usart\usart.c(84): warning:  #550-D: variable "d"  was set but never used
  	uint8_t d=0;
..\SYSTEM\usart\usart.c: 1 warning, 0 errors
compiling os_mem.c...
compiling os_int.c...
compiling os_core.c...
compiling os_flag.c...
compiling os_msg.c...
compiling os_pend_multi.c...
compiling os_prio.c...
compiling os_mutex.c...
compiling os_q.c...
compiling os_stat.c...
compiling os_sem.c...
assembling os_cpu_a.asm...
compiling os_tick.c...
compiling os_time.c...
compiling os_var.c...
compiling os_task.c...
compiling os_tmr.c...
compiling os_app_hooks.c...
compiling os_cpu_c.c...
linking...
Program Size: Code=27874 RO-data=958 RW-data=232 ZI-data=33520  
FromELF: creating hex file...
"..\OBJ\Template.axf" - 0 Error(s), 2 Warning(s).

<h2>Software Packages used:</h2>

Package Vendor: Keil
                http://www.keil.com/pack/Keil.STM32F4xx_DFP.1.0.8.pack
                Keil.STM32F4xx_DFP.1.0.8
                STMicroelectronics STM32F4 Series Device Support, Drivers and Examples

<h2>Collection of Component include folders:</h2>
  .\RTE\_Template
  D:\Keil5\ARM\PACK\Keil\STM32F4xx_DFP\1.0.8\Device\Include

<h2>Collection of Component Files used:</h2>
Build Time Elapsed:  00:00:06
</pre>
</body>
</html>
